AR fsmd behavioral "C:/Documents and Settings/AssA/Moje dokumenty/Xilinx/EmbeddedTitans/FSMD.vhd" sub00/vhpl05 1338654578
AR nvsramsim behavioral "C:/Documents and Settings/AssA/Moje dokumenty/Xilinx/EmbeddedTitans/nvsramSim.vhd" sub00/vhpl01 1338654574
EN fsmd NULL "C:/Documents and Settings/AssA/Moje dokumenty/Xilinx/EmbeddedTitans/FSMD.vhd" sub00/vhpl04 1338654577
EN main NULL "C:/Documents and Settings/AssA/Moje dokumenty/Xilinx/EmbeddedTitans/Main.vhd" sub00/vhpl06 1338654579
EN nvsramsim NULL "C:/Documents and Settings/AssA/Moje dokumenty/Xilinx/EmbeddedTitans/nvsramSim.vhd" sub00/vhpl00 1338654573
EN nvsram NULL "C:/Documents and Settings/AssA/Moje dokumenty/Xilinx/EmbeddedTitans/nvsram.vhd" sub00/vhpl02 1338654575
AR nvsram behavioral "C:/Documents and Settings/AssA/Moje dokumenty/Xilinx/EmbeddedTitans/nvsram.vhd" sub00/vhpl03 1338654576
AR main structural "C:/Documents and Settings/AssA/Moje dokumenty/Xilinx/EmbeddedTitans/Main.vhd" sub00/vhpl07 1338654580
