AR fsmd behavioral "C:/Documents and Settings/AssA/Moje dokumenty/Xilinx/EmbeddedTitans/FSMD.vhd" sub00/vhpl01 1338233221
EN fsmd NULL "C:/Documents and Settings/AssA/Moje dokumenty/Xilinx/EmbeddedTitans/FSMD.vhd" sub00/vhpl00 1338233220
EN nvsram NULL "C:/Documents and Settings/AssA/Moje dokumenty/Xilinx/EmbeddedTitans/nvsram.vhd" sub00/vhpl02 1338232854
AR nvsram behavioral "C:/Documents and Settings/AssA/Moje dokumenty/Xilinx/EmbeddedTitans/nvsram.vhd" sub00/vhpl03 1338232855
